[33mΓ¥»[39m Building...
[32mΓ£ö[39m Building...
Application bundle generation failed. [32.728 seconds] - 2026-04-08T02:56:33.847Z

node.exe : [1m[33m[33mΓû▓ [43;33m[[43;30mWARNING[43;33m][0m [1mNG8113: 
RouterLink is not used within the template of DashboardComponent[0m 
[1m[35m[plugin angular-compiler][0m
At line:1 char:1
+ & "C:\Users\70M5558\nodejs/node.exe" "C:\Users\70M5558\nodejs/node_mo ...
+ ~~~~~~~~~~~~~~~~~~~~~~~~~~~~~~~~~~~~~~~~~~~~~~~~~~~~~~~~~~~~~~~~~~~~~
    + CategoryInfo          : NotSpecified: ([1m[33m[33mΓ...r-compiler][0m:S 
   tring) [], RemoteException
    + FullyQualifiedErrorId : NativeCommandError
 

    src/app/components/dashboard.ts:10:26:
[37m      10 Γöé   imports: [CommonModule, [32mRouterLink[37m, 
PullToRefreshComponent],
         Γò╡                           [32m~~~~~~~~~~[0m


[33mΓû▓ [43;33m[[43;30mWARNING[43;33m][0m [1mNG8113: 
PullToRefreshComponent is not used within the template of DashboardComponent[0m 
[1m[35m[plugin angular-compiler][0m

    src/app/components/dashboard.ts:10:38:
[37m      10 Γöé   imports: [CommonModule, RouterLink, 
[32mPullToRefreshComponent[37m],
         Γò╡                                       
[32m~~~~~~~~~~~~~~~~~~~~~~[0m


[33mΓû▓ [43;33m[[43;30mWARNING[43;33m][0m [1mNG8113: 
PullToRefreshComponent is not used within the template of 
TransactionHistoryComponent[0m [1m[35m[plugin angular-compiler][0m

    src/app/components/transaction-history.ts:11:39:
[37m      11 Γöé   imports: [CommonModule, FormsModule, 
[32mPullToRefreshComponent[37m],
         Γò╡                                        
[32m~~~~~~~~~~~~~~~~~~~~~~[0m

[39m[22m
[1m[31m[31mX [41;31m[[41;97mERROR[41;31m][0m [1mNG5002: Unexpected 
closing tag "app-pull-to-refresh". It may happen when the tag has already been 
closed by another tag. For more info see https://www.w3.org/TR/html5/syntax.html#
closing-elements-that-have-implied-end-tags[0m [1m[35m[plugin 
angular-compiler][0m

    src/app/components/dashboard.ts:114:4:
[37m      114 Γöé     [32m</app-pull-to-refresh>[37m
          Γò╡     [32m~~~~~~~~~~~~~~~~~~~~~~[0m


[31mX [41;31m[[41;97mERROR[41;31m][0m [1mNG5002: Unexpected closing tag 
"app-pull-to-refresh". It may happen when the tag has already been closed by 
another tag. For more info see https://www.w3.org/TR/html5/syntax.html#closing-el
ements-that-have-implied-end-tags[0m [1m[35m[plugin angular-compiler][0m

    src/app/components/transaction-history.ts:252:4:
[37m      252 Γöé     [32m</app-pull-to-refresh>[37m
          Γò╡     [32m~~~~~~~~~~~~~~~~~~~~~~[0m

[39m[22m
